Archive member included because of file (symbol)

c:/program files/atmel/avr tools/avr toolchain/bin/../lib/gcc/avr/4.4.3/avr4\libgcc.a(_udivmodhi4.o)
                              LedMatrix.o (__udivmodhi4)
c:/program files/atmel/avr tools/avr toolchain/bin/../lib/gcc/avr/4.4.3/avr4\libgcc.a(_exit.o)
                              c:/program files/atmel/avr tools/avr toolchain/bin/../lib/gcc/avr/4.4.3/../../../../avr/lib/avr4/crtm88pa.o (exit)
c:/program files/atmel/avr tools/avr toolchain/bin/../lib/gcc/avr/4.4.3/avr4\libgcc.a(_copy_data.o)
                              LedMatrix.o (__do_copy_data)
c:/program files/atmel/avr tools/avr toolchain/bin/../lib/gcc/avr/4.4.3/avr4\libgcc.a(_clear_bss.o)
                              LedMatrix.o (__do_clear_bss)
c:/program files/atmel/avr tools/avr toolchain/bin/../lib/gcc/avr/4.4.3/../../../../avr/lib/avr4\libc.a(isspace.o)
                              LedMatrix.o (isspace)
c:/program files/atmel/avr tools/avr toolchain/bin/../lib/gcc/avr/4.4.3/../../../../avr/lib/avr4\libc.a(tolower.o)
                              LedMatrix.o (tolower)
c:/program files/atmel/avr tools/avr toolchain/bin/../lib/gcc/avr/4.4.3/../../../../avr/lib/avr4\libc.a(strcat.o)
                              LedMatrix.o (strcat)
c:/program files/atmel/avr tools/avr toolchain/bin/../lib/gcc/avr/4.4.3/../../../../avr/lib/avr4\libc.a(iob.o)
                              LedMatrix.o (__iob)
c:/program files/atmel/avr tools/avr toolchain/bin/../lib/gcc/avr/4.4.3/../../../../avr/lib/avr4\libc.a(printf.o)
                              LedMatrix.o (printf)
c:/program files/atmel/avr tools/avr toolchain/bin/../lib/gcc/avr/4.4.3/../../../../avr/lib/avr4\libc.a(putchar.o)
                              LedMatrix.o (putchar)
c:/program files/atmel/avr tools/avr toolchain/bin/../lib/gcc/avr/4.4.3/../../../../avr/lib/avr4\libc.a(vprintf.o)
                              LedMatrix.o (vprintf)
c:/program files/atmel/avr tools/avr toolchain/bin/../lib/gcc/avr/4.4.3/../../../../avr/lib/avr4\libc.a(vfprintf_std.o)
                              c:/program files/atmel/avr tools/avr toolchain/bin/../lib/gcc/avr/4.4.3/../../../../avr/lib/avr4\libc.a(printf.o) (vfprintf)
c:/program files/atmel/avr tools/avr toolchain/bin/../lib/gcc/avr/4.4.3/../../../../avr/lib/avr4\libc.a(eerd_block_atmega88pa.o)
                              LedMatrix.o (__eerd_block_m88pa)
c:/program files/atmel/avr tools/avr toolchain/bin/../lib/gcc/avr/4.4.3/../../../../avr/lib/avr4\libc.a(eerd_byte_atmega88pa.o)
                              LedMatrix.o (__eerd_byte_m88pa)
c:/program files/atmel/avr tools/avr toolchain/bin/../lib/gcc/avr/4.4.3/../../../../avr/lib/avr4\libc.a(eeupd_byte_atmega88pa.o)
                              LedMatrix.o (__eeupd_byte_m88pa)
c:/program files/atmel/avr tools/avr toolchain/bin/../lib/gcc/avr/4.4.3/../../../../avr/lib/avr4\libc.a(eewr_block_atmega88pa.o)
                              LedMatrix.o (__eewr_block_m88pa)
c:/program files/atmel/avr tools/avr toolchain/bin/../lib/gcc/avr/4.4.3/../../../../avr/lib/avr4\libc.a(eewr_byte_atmega88pa.o)
                              c:/program files/atmel/avr tools/avr toolchain/bin/../lib/gcc/avr/4.4.3/../../../../avr/lib/avr4\libc.a(eewr_block_atmega88pa.o) (__eewr_r18_m88pa)
c:/program files/atmel/avr tools/avr toolchain/bin/../lib/gcc/avr/4.4.3/../../../../avr/lib/avr4\libc.a(cty_isfalse.o)
                              c:/program files/atmel/avr tools/avr toolchain/bin/../lib/gcc/avr/4.4.3/../../../../avr/lib/avr4\libc.a(isspace.o) (__ctype_isfalse)
c:/program files/atmel/avr tools/avr toolchain/bin/../lib/gcc/avr/4.4.3/../../../../avr/lib/avr4\libc.a(strnlen_P.o)
                              c:/program files/atmel/avr tools/avr toolchain/bin/../lib/gcc/avr/4.4.3/../../../../avr/lib/avr4\libc.a(vfprintf_std.o) (strnlen_P)
c:/program files/atmel/avr tools/avr toolchain/bin/../lib/gcc/avr/4.4.3/../../../../avr/lib/avr4\libc.a(strnlen.o)
                              c:/program files/atmel/avr tools/avr toolchain/bin/../lib/gcc/avr/4.4.3/../../../../avr/lib/avr4\libc.a(vfprintf_std.o) (strnlen)
c:/program files/atmel/avr tools/avr toolchain/bin/../lib/gcc/avr/4.4.3/../../../../avr/lib/avr4\libc.a(fputc.o)
                              c:/program files/atmel/avr tools/avr toolchain/bin/../lib/gcc/avr/4.4.3/../../../../avr/lib/avr4\libc.a(putchar.o) (fputc)
c:/program files/atmel/avr tools/avr toolchain/bin/../lib/gcc/avr/4.4.3/../../../../avr/lib/avr4\libc.a(ultoa_invert.o)
                              c:/program files/atmel/avr tools/avr toolchain/bin/../lib/gcc/avr/4.4.3/../../../../avr/lib/avr4\libc.a(vfprintf_std.o) (__ultoa_invert)
c:/program files/atmel/avr tools/avr toolchain/bin/../lib/gcc/avr/4.4.3/avr4\libgcc.a(_prologue.o)
                              c:/program files/atmel/avr tools/avr toolchain/bin/../lib/gcc/avr/4.4.3/../../../../avr/lib/avr4\libc.a(printf.o) (__prologue_saves__)
c:/program files/atmel/avr tools/avr toolchain/bin/../lib/gcc/avr/4.4.3/avr4\libgcc.a(_epilogue.o)
                              c:/program files/atmel/avr tools/avr toolchain/bin/../lib/gcc/avr/4.4.3/../../../../avr/lib/avr4\libc.a(printf.o) (__epilogue_restores__)

Allocating common symbols
Common symbol       size              file

receivedBuffer      0x1               LedMatrix.o
message             0x15a             LedMatrix.o
adc_value           0x1               LedMatrix.o
__iob               0x6               c:/program files/atmel/avr tools/avr toolchain/bin/../lib/gcc/avr/4.4.3/../../../../avr/lib/avr4\libc.a(iob.o)
value               0x1               LedMatrix.o

Memory Configuration

Name             Origin             Length             Attributes
text             0x00000000         0x00002000         xr
data             0x00800060         0x0000ffa0         rw !x
eeprom           0x00810000         0x00010000         rw !x
fuse             0x00820000         0x00000400         rw !x
lock             0x00830000         0x00000400         rw !x
signature        0x00840000         0x00000400         rw !x
*default*        0x00000000         0xffffffff

Linker script and memory map

Address of section .data set to 0x800100
LOAD c:/program files/atmel/avr tools/avr toolchain/bin/../lib/gcc/avr/4.4.3/../../../../avr/lib/avr4/crtm88pa.o
LOAD LedMatrix.o
LOAD c:/program files/atmel/avr tools/avr toolchain/bin/../lib/gcc/avr/4.4.3/avr4\libgcc.a
LOAD c:/program files/atmel/avr tools/avr toolchain/bin/../lib/gcc/avr/4.4.3/../../../../avr/lib/avr4\libc.a
LOAD c:/program files/atmel/avr tools/avr toolchain/bin/../lib/gcc/avr/4.4.3/avr4\libgcc.a

.hash
 *(.hash)

.dynsym
 *(.dynsym)

.dynstr
 *(.dynstr)

.gnu.version
 *(.gnu.version)

.gnu.version_d
 *(.gnu.version_d)

.gnu.version_r
 *(.gnu.version_r)

.rel.init
 *(.rel.init)

.rela.init
 *(.rela.init)

.rel.text
 *(.rel.text)
 *(.rel.text.*)
 *(.rel.gnu.linkonce.t*)

.rela.text
 *(.rela.text)
 *(.rela.text.*)
 *(.rela.gnu.linkonce.t*)

.rel.fini
 *(.rel.fini)

.rela.fini
 *(.rela.fini)

.rel.rodata
 *(.rel.rodata)
 *(.rel.rodata.*)
 *(.rel.gnu.linkonce.r*)

.rela.rodata
 *(.rela.rodata)
 *(.rela.rodata.*)
 *(.rela.gnu.linkonce.r*)

.rel.data
 *(.rel.data)
 *(.rel.data.*)
 *(.rel.gnu.linkonce.d*)

.rela.data
 *(.rela.data)
 *(.rela.data.*)
 *(.rela.gnu.linkonce.d*)

.rel.ctors
 *(.rel.ctors)

.rela.ctors
 *(.rela.ctors)

.rel.dtors
 *(.rel.dtors)

.rela.dtors
 *(.rela.dtors)

.rel.got
 *(.rel.got)

.rela.got
 *(.rela.got)

.rel.bss
 *(.rel.bss)

.rela.bss
 *(.rela.bss)

.rel.plt
 *(.rel.plt)

.rela.plt
 *(.rela.plt)

.text           0x00000000     0x1924
 *(.vectors)
 .vectors       0x00000000       0x34 c:/program files/atmel/avr tools/avr toolchain/bin/../lib/gcc/avr/4.4.3/../../../../avr/lib/avr4/crtm88pa.o
                0x00000000                __vector_default
                0x00000000                __vectors
 *(.vectors)
 *(.progmem.gcc*)
 *(.progmem*)
 .progmem.data  0x00000034      0x6a2 LedMatrix.o
                0x00000034                matrix
                0x000006d6                . = ALIGN (0x2)
                0x000006d6                __trampolines_start = .
 *(.trampolines)
 .trampolines   0x000006d6        0x0 linker stubs
 *(.trampolines*)
                0x000006d6                __trampolines_end = .
 *(.jumptables)
 *(.jumptables*)
 *(.lowtext)
 *(.lowtext*)
                0x000006d6                __ctors_start = .
 *(.ctors)
                0x000006d6                __ctors_end = .
                0x000006d6                __dtors_start = .
 *(.dtors)
                0x000006d6                __dtors_end = .
 SORT(*)(.ctors)
 SORT(*)(.dtors)
 *(.init0)
 .init0         0x000006d6        0x0 c:/program files/atmel/avr tools/avr toolchain/bin/../lib/gcc/avr/4.4.3/../../../../avr/lib/avr4/crtm88pa.o
                0x000006d6                __init
 *(.init0)
 *(.init1)
 *(.init1)
 *(.init2)
 .init2         0x000006d6        0xc c:/program files/atmel/avr tools/avr toolchain/bin/../lib/gcc/avr/4.4.3/../../../../avr/lib/avr4/crtm88pa.o
 *(.init2)
 *(.init3)
 *(.init3)
 *(.init4)
 .init4         0x000006e2       0x16 c:/program files/atmel/avr tools/avr toolchain/bin/../lib/gcc/avr/4.4.3/avr4\libgcc.a(_copy_data.o)
                0x000006e2                __do_copy_data
 .init4         0x000006f8       0x10 c:/program files/atmel/avr tools/avr toolchain/bin/../lib/gcc/avr/4.4.3/avr4\libgcc.a(_clear_bss.o)
                0x000006f8                __do_clear_bss
 *(.init4)
 *(.init5)
 *(.init5)
 *(.init6)
 *(.init6)
 *(.init7)
 *(.init7)
 *(.init8)
 *(.init8)
 *(.init9)
 .init9         0x00000708        0x4 c:/program files/atmel/avr tools/avr toolchain/bin/../lib/gcc/avr/4.4.3/../../../../avr/lib/avr4/crtm88pa.o
 *(.init9)
 *(.text)
 .text          0x0000070c        0x2 c:/program files/atmel/avr tools/avr toolchain/bin/../lib/gcc/avr/4.4.3/../../../../avr/lib/avr4/crtm88pa.o
                0x0000070c                __vector_22
                0x0000070c                __vector_1
                0x0000070c                __vector_24
                0x0000070c                __vector_12
                0x0000070c                __bad_interrupt
                0x0000070c                __vector_6
                0x0000070c                __vector_3
                0x0000070c                __vector_23
                0x0000070c                __vector_25
                0x0000070c                __vector_11
                0x0000070c                __vector_17
                0x0000070c                __vector_19
                0x0000070c                __vector_7
                0x0000070c                __vector_5
                0x0000070c                __vector_4
                0x0000070c                __vector_2
                0x0000070c                __vector_15
                0x0000070c                __vector_8
                0x0000070c                __vector_14
                0x0000070c                __vector_10
                0x0000070c                __vector_20
 .text          0x0000070e      0xba8 LedMatrix.o
                0x0000070e                __vector_18
                0x00000736                USART_Init
                0x00000748                USART_SendByte
                0x00000756                USART_SendString
                0x00000770                USART_ReceiveByte
                0x0000077e                __vector_16
                0x000009a0                __vector_13
                0x00000a54                __vector_21
                0x00000a74                loadData
                0x00000b3a                __vector_9
                0x00000bf0                debug
                0x00000c14                handleAction
                0x00001200                main
 .text          0x000012b6        0x0 c:/program files/atmel/avr tools/avr toolchain/bin/../lib/gcc/avr/4.4.3/avr4\libgcc.a(_udivmodhi4.o)
 .text          0x000012b6        0x0 c:/program files/atmel/avr tools/avr toolchain/bin/../lib/gcc/avr/4.4.3/avr4\libgcc.a(_exit.o)
 .text          0x000012b6        0x0 c:/program files/atmel/avr tools/avr toolchain/bin/../lib/gcc/avr/4.4.3/avr4\libgcc.a(_copy_data.o)
 .text          0x000012b6        0x0 c:/program files/atmel/avr tools/avr toolchain/bin/../lib/gcc/avr/4.4.3/avr4\libgcc.a(_clear_bss.o)
 .text          0x000012b6        0x0 c:/program files/atmel/avr tools/avr toolchain/bin/../lib/gcc/avr/4.4.3/../../../../avr/lib/avr4\libc.a(isspace.o)
 .text          0x000012b6        0x0 c:/program files/atmel/avr tools/avr toolchain/bin/../lib/gcc/avr/4.4.3/../../../../avr/lib/avr4\libc.a(tolower.o)
 .text          0x000012b6        0x0 c:/program files/atmel/avr tools/avr toolchain/bin/../lib/gcc/avr/4.4.3/../../../../avr/lib/avr4\libc.a(strcat.o)
 .text          0x000012b6        0x0 c:/program files/atmel/avr tools/avr toolchain/bin/../lib/gcc/avr/4.4.3/../../../../avr/lib/avr4\libc.a(iob.o)
 .text          0x000012b6        0x0 c:/program files/atmel/avr tools/avr toolchain/bin/../lib/gcc/avr/4.4.3/../../../../avr/lib/avr4\libc.a(printf.o)
 .text          0x000012b6        0x0 c:/program files/atmel/avr tools/avr toolchain/bin/../lib/gcc/avr/4.4.3/../../../../avr/lib/avr4\libc.a(putchar.o)
 .text          0x000012b6        0x0 c:/program files/atmel/avr tools/avr toolchain/bin/../lib/gcc/avr/4.4.3/../../../../avr/lib/avr4\libc.a(vprintf.o)
 .text          0x000012b6        0x0 c:/program files/atmel/avr tools/avr toolchain/bin/../lib/gcc/avr/4.4.3/../../../../avr/lib/avr4\libc.a(vfprintf_std.o)
 .text          0x000012b6        0x0 c:/program files/atmel/avr tools/avr toolchain/bin/../lib/gcc/avr/4.4.3/../../../../avr/lib/avr4\libc.a(eerd_block_atmega88pa.o)
 .text          0x000012b6        0x0 c:/program files/atmel/avr tools/avr toolchain/bin/../lib/gcc/avr/4.4.3/../../../../avr/lib/avr4\libc.a(eerd_byte_atmega88pa.o)
 .text          0x000012b6        0x0 c:/program files/atmel/avr tools/avr toolchain/bin/../lib/gcc/avr/4.4.3/../../../../avr/lib/avr4\libc.a(eeupd_byte_atmega88pa.o)
 .text          0x000012b6        0x0 c:/program files/atmel/avr tools/avr toolchain/bin/../lib/gcc/avr/4.4.3/../../../../avr/lib/avr4\libc.a(eewr_block_atmega88pa.o)
 .text          0x000012b6        0x0 c:/program files/atmel/avr tools/avr toolchain/bin/../lib/gcc/avr/4.4.3/../../../../avr/lib/avr4\libc.a(eewr_byte_atmega88pa.o)
 .text          0x000012b6        0x0 c:/program files/atmel/avr tools/avr toolchain/bin/../lib/gcc/avr/4.4.3/../../../../avr/lib/avr4\libc.a(cty_isfalse.o)
 .text          0x000012b6        0x0 c:/program files/atmel/avr tools/avr toolchain/bin/../lib/gcc/avr/4.4.3/../../../../avr/lib/avr4\libc.a(strnlen_P.o)
 .text          0x000012b6        0x0 c:/program files/atmel/avr tools/avr toolchain/bin/../lib/gcc/avr/4.4.3/../../../../avr/lib/avr4\libc.a(strnlen.o)
 .text          0x000012b6        0x0 c:/program files/atmel/avr tools/avr toolchain/bin/../lib/gcc/avr/4.4.3/../../../../avr/lib/avr4\libc.a(fputc.o)
 .text          0x000012b6        0x0 c:/program files/atmel/avr tools/avr toolchain/bin/../lib/gcc/avr/4.4.3/../../../../avr/lib/avr4\libc.a(ultoa_invert.o)
 .text          0x000012b6        0x0 c:/program files/atmel/avr tools/avr toolchain/bin/../lib/gcc/avr/4.4.3/avr4\libgcc.a(_prologue.o)
 .text          0x000012b6        0x0 c:/program files/atmel/avr tools/avr toolchain/bin/../lib/gcc/avr/4.4.3/avr4\libgcc.a(_epilogue.o)
                0x000012b6                . = ALIGN (0x2)
 *(.text.*)
 .text.libgcc   0x000012b6       0x28 c:/program files/atmel/avr tools/avr toolchain/bin/../lib/gcc/avr/4.4.3/avr4\libgcc.a(_udivmodhi4.o)
                0x000012b6                __udivmodhi4
 .text.libgcc   0x000012de        0x0 c:/program files/atmel/avr tools/avr toolchain/bin/../lib/gcc/avr/4.4.3/avr4\libgcc.a(_exit.o)
 .text.libgcc   0x000012de        0x0 c:/program files/atmel/avr tools/avr toolchain/bin/../lib/gcc/avr/4.4.3/avr4\libgcc.a(_copy_data.o)
 .text.libgcc   0x000012de        0x0 c:/program files/atmel/avr tools/avr toolchain/bin/../lib/gcc/avr/4.4.3/avr4\libgcc.a(_clear_bss.o)
 .text.avr-libc
                0x000012de       0x10 c:/program files/atmel/avr tools/avr toolchain/bin/../lib/gcc/avr/4.4.3/../../../../avr/lib/avr4\libc.a(isspace.o)
                0x000012de                isspace
 .text.avr-libc
                0x000012ee       0x10 c:/program files/atmel/avr tools/avr toolchain/bin/../lib/gcc/avr/4.4.3/../../../../avr/lib/avr4\libc.a(tolower.o)
                0x000012ee                tolower
 .text.avr-libc
                0x000012fe       0x16 c:/program files/atmel/avr tools/avr toolchain/bin/../lib/gcc/avr/4.4.3/../../../../avr/lib/avr4\libc.a(strcat.o)
                0x000012fe                strcat
 .text.avr-libc
                0x00001314       0x24 c:/program files/atmel/avr tools/avr toolchain/bin/../lib/gcc/avr/4.4.3/../../../../avr/lib/avr4\libc.a(printf.o)
                0x00001314                printf
 .text.avr-libc
                0x00001338        0xc c:/program files/atmel/avr tools/avr toolchain/bin/../lib/gcc/avr/4.4.3/../../../../avr/lib/avr4\libc.a(putchar.o)
                0x00001338                putchar
 .text.avr-libc
                0x00001344       0x12 c:/program files/atmel/avr tools/avr toolchain/bin/../lib/gcc/avr/4.4.3/../../../../avr/lib/avr4\libc.a(vprintf.o)
                0x00001344                vprintf
 .text.avr-libc
                0x00001356      0x394 c:/program files/atmel/avr tools/avr toolchain/bin/../lib/gcc/avr/4.4.3/../../../../avr/lib/avr4\libc.a(vfprintf_std.o)
                0x00001356                vfprintf
 .text.avr-libc
                0x000016ea       0x20 c:/program files/atmel/avr tools/avr toolchain/bin/../lib/gcc/avr/4.4.3/../../../../avr/lib/avr4\libc.a(eerd_block_atmega88pa.o)
                0x000016ea                __eerd_block_m88pa
                0x000016ee                __eerd_blraw_m88pa
 .text.avr-libc
                0x0000170a       0x10 c:/program files/atmel/avr tools/avr toolchain/bin/../lib/gcc/avr/4.4.3/../../../../avr/lib/avr4\libc.a(eerd_byte_atmega88pa.o)
                0x0000170a                __eerd_byte_m88pa
 .text.avr-libc
                0x0000171a       0x24 c:/program files/atmel/avr tools/avr toolchain/bin/../lib/gcc/avr/4.4.3/../../../../avr/lib/avr4\libc.a(eeupd_byte_atmega88pa.o)
                0x0000171a                __eeupd_byte_m88pa
                0x0000171c                __eeupd_r18_m88pa
 .text.avr-libc
                0x0000173e       0x12 c:/program files/atmel/avr tools/avr toolchain/bin/../lib/gcc/avr/4.4.3/../../../../avr/lib/avr4\libc.a(eewr_block_atmega88pa.o)
                0x0000173e                __eewr_block_m88pa
 .text.avr-libc
                0x00001750       0x1c c:/program files/atmel/avr tools/avr toolchain/bin/../lib/gcc/avr/4.4.3/../../../../avr/lib/avr4\libc.a(eewr_byte_atmega88pa.o)
                0x00001750                __eewr_byte_m88pa
                0x00001752                __eewr_r18_m88pa
 .text.avr-libc
                0x0000176c        0x6 c:/program files/atmel/avr tools/avr toolchain/bin/../lib/gcc/avr/4.4.3/../../../../avr/lib/avr4\libc.a(cty_isfalse.o)
                0x0000176c                __ctype_isfalse
                0x00001770                __ctype_istrue
 .text.avr-libc
                0x00001772       0x16 c:/program files/atmel/avr tools/avr toolchain/bin/../lib/gcc/avr/4.4.3/../../../../avr/lib/avr4\libc.a(strnlen_P.o)
                0x00001772                strnlen_P
 .text.avr-libc
                0x00001788       0x16 c:/program files/atmel/avr tools/avr toolchain/bin/../lib/gcc/avr/4.4.3/../../../../avr/lib/avr4\libc.a(strnlen.o)
                0x00001788                strnlen
 .text.avr-libc
                0x0000179e       0x58 c:/program files/atmel/avr tools/avr toolchain/bin/../lib/gcc/avr/4.4.3/../../../../avr/lib/avr4\libc.a(fputc.o)
                0x0000179e                fputc
 .text.avr-libc
                0x000017f6       0xbc c:/program files/atmel/avr tools/avr toolchain/bin/../lib/gcc/avr/4.4.3/../../../../avr/lib/avr4\libc.a(ultoa_invert.o)
                0x000017f6                __ultoa_invert
 .text.libgcc   0x000018b2       0x38 c:/program files/atmel/avr tools/avr toolchain/bin/../lib/gcc/avr/4.4.3/avr4\libgcc.a(_prologue.o)
                0x000018b2                __prologue_saves__
 .text.libgcc   0x000018ea       0x36 c:/program files/atmel/avr tools/avr toolchain/bin/../lib/gcc/avr/4.4.3/avr4\libgcc.a(_epilogue.o)
                0x000018ea                __epilogue_restores__
                0x00001920                . = ALIGN (0x2)
 *(.fini9)
 .fini9         0x00001920        0x0 c:/program files/atmel/avr tools/avr toolchain/bin/../lib/gcc/avr/4.4.3/avr4\libgcc.a(_exit.o)
                0x00001920                _exit
                0x00001920                exit
 *(.fini9)
 *(.fini8)
 *(.fini8)
 *(.fini7)
 *(.fini7)
 *(.fini6)
 *(.fini6)
 *(.fini5)
 *(.fini5)
 *(.fini4)
 *(.fini4)
 *(.fini3)
 *(.fini3)
 *(.fini2)
 *(.fini2)
 *(.fini1)
 *(.fini1)
 *(.fini0)
 .fini0         0x00001920        0x4 c:/program files/atmel/avr tools/avr toolchain/bin/../lib/gcc/avr/4.4.3/avr4\libgcc.a(_exit.o)
 *(.fini0)
                0x00001924                _etext = .

.data           0x00800100      0x206 load address 0x00001924
                0x00800100                PROVIDE (__data_start, .)
 *(.data)
 .data          0x00800100        0x0 c:/program files/atmel/avr tools/avr toolchain/bin/../lib/gcc/avr/4.4.3/../../../../avr/lib/avr4/crtm88pa.o
 .data          0x00800100      0x206 LedMatrix.o
                0x008002ce                scroll_speed
                0x008002cf                scroll_direction
                0x008002d0                speed_table
                0x008002da                char_spacing_value
                0x008002e4                watchdog_table
 .data          0x00800306        0x0 c:/program files/atmel/avr tools/avr toolchain/bin/../lib/gcc/avr/4.4.3/avr4\libgcc.a(_udivmodhi4.o)
 .data          0x00800306        0x0 c:/program files/atmel/avr tools/avr toolchain/bin/../lib/gcc/avr/4.4.3/avr4\libgcc.a(_exit.o)
 .data          0x00800306        0x0 c:/program files/atmel/avr tools/avr toolchain/bin/../lib/gcc/avr/4.4.3/avr4\libgcc.a(_copy_data.o)
 .data          0x00800306        0x0 c:/program files/atmel/avr tools/avr toolchain/bin/../lib/gcc/avr/4.4.3/avr4\libgcc.a(_clear_bss.o)
 .data          0x00800306        0x0 c:/program files/atmel/avr tools/avr toolchain/bin/../lib/gcc/avr/4.4.3/../../../../avr/lib/avr4\libc.a(isspace.o)
 .data          0x00800306        0x0 c:/program files/atmel/avr tools/avr toolchain/bin/../lib/gcc/avr/4.4.3/../../../../avr/lib/avr4\libc.a(tolower.o)
 .data          0x00800306        0x0 c:/program files/atmel/avr tools/avr toolchain/bin/../lib/gcc/avr/4.4.3/../../../../avr/lib/avr4\libc.a(strcat.o)
 .data          0x00800306        0x0 c:/program files/atmel/avr tools/avr toolchain/bin/../lib/gcc/avr/4.4.3/../../../../avr/lib/avr4\libc.a(iob.o)
 .data          0x00800306        0x0 c:/program files/atmel/avr tools/avr toolchain/bin/../lib/gcc/avr/4.4.3/../../../../avr/lib/avr4\libc.a(printf.o)
 .data          0x00800306        0x0 c:/program files/atmel/avr tools/avr toolchain/bin/../lib/gcc/avr/4.4.3/../../../../avr/lib/avr4\libc.a(putchar.o)
 .data          0x00800306        0x0 c:/program files/atmel/avr tools/avr toolchain/bin/../lib/gcc/avr/4.4.3/../../../../avr/lib/avr4\libc.a(vprintf.o)
 .data          0x00800306        0x0 c:/program files/atmel/avr tools/avr toolchain/bin/../lib/gcc/avr/4.4.3/../../../../avr/lib/avr4\libc.a(vfprintf_std.o)
 .data          0x00800306        0x0 c:/program files/atmel/avr tools/avr toolchain/bin/../lib/gcc/avr/4.4.3/../../../../avr/lib/avr4\libc.a(eerd_block_atmega88pa.o)
 .data          0x00800306        0x0 c:/program files/atmel/avr tools/avr toolchain/bin/../lib/gcc/avr/4.4.3/../../../../avr/lib/avr4\libc.a(eerd_byte_atmega88pa.o)
 .data          0x00800306        0x0 c:/program files/atmel/avr tools/avr toolchain/bin/../lib/gcc/avr/4.4.3/../../../../avr/lib/avr4\libc.a(eeupd_byte_atmega88pa.o)
 .data          0x00800306        0x0 c:/program files/atmel/avr tools/avr toolchain/bin/../lib/gcc/avr/4.4.3/../../../../avr/lib/avr4\libc.a(eewr_block_atmega88pa.o)
 .data          0x00800306        0x0 c:/program files/atmel/avr tools/avr toolchain/bin/../lib/gcc/avr/4.4.3/../../../../avr/lib/avr4\libc.a(eewr_byte_atmega88pa.o)
 .data          0x00800306        0x0 c:/program files/atmel/avr tools/avr toolchain/bin/../lib/gcc/avr/4.4.3/../../../../avr/lib/avr4\libc.a(cty_isfalse.o)
 .data          0x00800306        0x0 c:/program files/atmel/avr tools/avr toolchain/bin/../lib/gcc/avr/4.4.3/../../../../avr/lib/avr4\libc.a(strnlen_P.o)
 .data          0x00800306        0x0 c:/program files/atmel/avr tools/avr toolchain/bin/../lib/gcc/avr/4.4.3/../../../../avr/lib/avr4\libc.a(strnlen.o)
 .data          0x00800306        0x0 c:/program files/atmel/avr tools/avr toolchain/bin/../lib/gcc/avr/4.4.3/../../../../avr/lib/avr4\libc.a(fputc.o)
 .data          0x00800306        0x0 c:/program files/atmel/avr tools/avr toolchain/bin/../lib/gcc/avr/4.4.3/../../../../avr/lib/avr4\libc.a(ultoa_invert.o)
 .data          0x00800306        0x0 c:/program files/atmel/avr tools/avr toolchain/bin/../lib/gcc/avr/4.4.3/avr4\libgcc.a(_prologue.o)
 .data          0x00800306        0x0 c:/program files/atmel/avr tools/avr toolchain/bin/../lib/gcc/avr/4.4.3/avr4\libgcc.a(_epilogue.o)
 *(.data*)
 *(.rodata)
 *(.rodata*)
 *(.gnu.linkonce.d*)
                0x00800306                . = ALIGN (0x2)
                0x00800306                _edata = .
                0x00800306                PROVIDE (__data_end, .)

.bss            0x00800306      0x16f
                0x00800306                PROVIDE (__bss_start, .)
 *(.bss)
 .bss           0x00800306        0x0 c:/program files/atmel/avr tools/avr toolchain/bin/../lib/gcc/avr/4.4.3/../../../../avr/lib/avr4/crtm88pa.o
 .bss           0x00800306        0xc LedMatrix.o
                0x00800306                char_spacing
                0x00800307                index
                0x00800309                message_size
                0x0080030b                verbose
                0x0080030c                intensity
                0x0080030d                auto_chain_message
                0x0080030e                watchdog_counter
                0x00800310                watchdog_value
                0x00800311                current_message
 .bss           0x00800312        0x0 c:/program files/atmel/avr tools/avr toolchain/bin/../lib/gcc/avr/4.4.3/avr4\libgcc.a(_udivmodhi4.o)
 .bss           0x00800312        0x0 c:/program files/atmel/avr tools/avr toolchain/bin/../lib/gcc/avr/4.4.3/avr4\libgcc.a(_exit.o)
 .bss           0x00800312        0x0 c:/program files/atmel/avr tools/avr toolchain/bin/../lib/gcc/avr/4.4.3/avr4\libgcc.a(_copy_data.o)
 .bss           0x00800312        0x0 c:/program files/atmel/avr tools/avr toolchain/bin/../lib/gcc/avr/4.4.3/avr4\libgcc.a(_clear_bss.o)
 .bss           0x00800312        0x0 c:/program files/atmel/avr tools/avr toolchain/bin/../lib/gcc/avr/4.4.3/../../../../avr/lib/avr4\libc.a(isspace.o)
 .bss           0x00800312        0x0 c:/program files/atmel/avr tools/avr toolchain/bin/../lib/gcc/avr/4.4.3/../../../../avr/lib/avr4\libc.a(tolower.o)
 .bss           0x00800312        0x0 c:/program files/atmel/avr tools/avr toolchain/bin/../lib/gcc/avr/4.4.3/../../../../avr/lib/avr4\libc.a(strcat.o)
 .bss           0x00800312        0x0 c:/program files/atmel/avr tools/avr toolchain/bin/../lib/gcc/avr/4.4.3/../../../../avr/lib/avr4\libc.a(iob.o)
 .bss           0x00800312        0x0 c:/program files/atmel/avr tools/avr toolchain/bin/../lib/gcc/avr/4.4.3/../../../../avr/lib/avr4\libc.a(printf.o)
 .bss           0x00800312        0x0 c:/program files/atmel/avr tools/avr toolchain/bin/../lib/gcc/avr/4.4.3/../../../../avr/lib/avr4\libc.a(putchar.o)
 .bss           0x00800312        0x0 c:/program files/atmel/avr tools/avr toolchain/bin/../lib/gcc/avr/4.4.3/../../../../avr/lib/avr4\libc.a(vprintf.o)
 .bss           0x00800312        0x0 c:/program files/atmel/avr tools/avr toolchain/bin/../lib/gcc/avr/4.4.3/../../../../avr/lib/avr4\libc.a(vfprintf_std.o)
 .bss           0x00800312        0x0 c:/program files/atmel/avr tools/avr toolchain/bin/../lib/gcc/avr/4.4.3/../../../../avr/lib/avr4\libc.a(eerd_block_atmega88pa.o)
 .bss           0x00800312        0x0 c:/program files/atmel/avr tools/avr toolchain/bin/../lib/gcc/avr/4.4.3/../../../../avr/lib/avr4\libc.a(eerd_byte_atmega88pa.o)
 .bss           0x00800312        0x0 c:/program files/atmel/avr tools/avr toolchain/bin/../lib/gcc/avr/4.4.3/../../../../avr/lib/avr4\libc.a(eeupd_byte_atmega88pa.o)
 .bss           0x00800312        0x0 c:/program files/atmel/avr tools/avr toolchain/bin/../lib/gcc/avr/4.4.3/../../../../avr/lib/avr4\libc.a(eewr_block_atmega88pa.o)
 .bss           0x00800312        0x0 c:/program files/atmel/avr tools/avr toolchain/bin/../lib/gcc/avr/4.4.3/../../../../avr/lib/avr4\libc.a(eewr_byte_atmega88pa.o)
 .bss           0x00800312        0x0 c:/program files/atmel/avr tools/avr toolchain/bin/../lib/gcc/avr/4.4.3/../../../../avr/lib/avr4\libc.a(cty_isfalse.o)
 .bss           0x00800312        0x0 c:/program files/atmel/avr tools/avr toolchain/bin/../lib/gcc/avr/4.4.3/../../../../avr/lib/avr4\libc.a(strnlen_P.o)
 .bss           0x00800312        0x0 c:/program files/atmel/avr tools/avr toolchain/bin/../lib/gcc/avr/4.4.3/../../../../avr/lib/avr4\libc.a(strnlen.o)
 .bss           0x00800312        0x0 c:/program files/atmel/avr tools/avr toolchain/bin/../lib/gcc/avr/4.4.3/../../../../avr/lib/avr4\libc.a(fputc.o)
 .bss           0x00800312        0x0 c:/program files/atmel/avr tools/avr toolchain/bin/../lib/gcc/avr/4.4.3/../../../../avr/lib/avr4\libc.a(ultoa_invert.o)
 .bss           0x00800312        0x0 c:/program files/atmel/avr tools/avr toolchain/bin/../lib/gcc/avr/4.4.3/avr4\libgcc.a(_prologue.o)
 .bss           0x00800312        0x0 c:/program files/atmel/avr tools/avr toolchain/bin/../lib/gcc/avr/4.4.3/avr4\libgcc.a(_epilogue.o)
 *(.bss*)
 *(COMMON)
 COMMON         0x00800312      0x15d LedMatrix.o
                0x00800312                receivedBuffer
                0x00800313                message
                0x0080046d                adc_value
                0x0080046e                value
 COMMON         0x0080046f        0x6 c:/program files/atmel/avr tools/avr toolchain/bin/../lib/gcc/avr/4.4.3/../../../../avr/lib/avr4\libc.a(iob.o)
                0x0080046f                __iob
                0x00800475                PROVIDE (__bss_end, .)
                0x00001924                __data_load_start = LOADADDR (.data)
                0x00001b2a                __data_load_end = (__data_load_start + SIZEOF (.data))

.noinit         0x00800475        0x0
                0x00800475                PROVIDE (__noinit_start, .)
 *(.noinit*)
                0x00800475                PROVIDE (__noinit_end, .)
                0x00800475                _end = .
                0x00800475                PROVIDE (__heap_start, .)

.eeprom         0x00810000        0x0
 *(.eeprom*)
                0x00810000                __eeprom_end = .

.fuse
 *(.fuse)
 *(.lfuse)
 *(.hfuse)
 *(.efuse)

.lock
 *(.lock*)

.signature
 *(.signature*)

.stab           0x00000000     0x12e4
 *(.stab)
 .stab          0x00000000      0x6cc c:/program files/atmel/avr tools/avr toolchain/bin/../lib/gcc/avr/4.4.3/../../../../avr/lib/avr4/crtm88pa.o
 .stab          0x000006cc       0x9c c:/program files/atmel/avr tools/avr toolchain/bin/../lib/gcc/avr/4.4.3/../../../../avr/lib/avr4\libc.a(isspace.o)
                                 0xa8 (size before relaxing)
 .stab          0x00000768       0x9c c:/program files/atmel/avr tools/avr toolchain/bin/../lib/gcc/avr/4.4.3/../../../../avr/lib/avr4\libc.a(tolower.o)
                                 0xa8 (size before relaxing)
 .stab          0x00000804       0x9c c:/program files/atmel/avr tools/avr toolchain/bin/../lib/gcc/avr/4.4.3/../../../../avr/lib/avr4\libc.a(strcat.o)
                                 0xa8 (size before relaxing)
 .stab          0x000008a0      0x108 c:/program files/atmel/avr tools/avr toolchain/bin/../lib/gcc/avr/4.4.3/../../../../avr/lib/avr4\libc.a(eerd_block_atmega88pa.o)
                                0x114 (size before relaxing)
 .stab          0x000009a8       0x90 c:/program files/atmel/avr tools/avr toolchain/bin/../lib/gcc/avr/4.4.3/../../../../avr/lib/avr4\libc.a(eerd_byte_atmega88pa.o)
                                 0x9c (size before relaxing)
 .stab          0x00000a38      0x114 c:/program files/atmel/avr tools/avr toolchain/bin/../lib/gcc/avr/4.4.3/../../../../avr/lib/avr4\libc.a(eeupd_byte_atmega88pa.o)
                                0x120 (size before relaxing)
 .stab          0x00000b4c       0x9c c:/program files/atmel/avr tools/avr toolchain/bin/../lib/gcc/avr/4.4.3/../../../../avr/lib/avr4\libc.a(eewr_block_atmega88pa.o)
                                 0xa8 (size before relaxing)
 .stab          0x00000be8       0xe4 c:/program files/atmel/avr tools/avr toolchain/bin/../lib/gcc/avr/4.4.3/../../../../avr/lib/avr4\libc.a(eewr_byte_atmega88pa.o)
                                 0xf0 (size before relaxing)
 .stab          0x00000ccc       0x60 c:/program files/atmel/avr tools/avr toolchain/bin/../lib/gcc/avr/4.4.3/../../../../avr/lib/avr4\libc.a(cty_isfalse.o)
                                 0x6c (size before relaxing)
 .stab          0x00000d2c       0x9c c:/program files/atmel/avr tools/avr toolchain/bin/../lib/gcc/avr/4.4.3/../../../../avr/lib/avr4\libc.a(strnlen_P.o)
                                 0xa8 (size before relaxing)
 .stab          0x00000dc8       0x9c c:/program files/atmel/avr tools/avr toolchain/bin/../lib/gcc/avr/4.4.3/../../../../avr/lib/avr4\libc.a(strnlen.o)
                                 0xa8 (size before relaxing)
 .stab          0x00000e64      0x480 c:/program files/atmel/avr tools/avr toolchain/bin/../lib/gcc/avr/4.4.3/../../../../avr/lib/avr4\libc.a(ultoa_invert.o)
                                0x48c (size before relaxing)

.stabstr        0x00000000      0x4b4
 *(.stabstr)
 .stabstr       0x00000000      0x4b4 c:/program files/atmel/avr tools/avr toolchain/bin/../lib/gcc/avr/4.4.3/../../../../avr/lib/avr4/crtm88pa.o

.stab.excl
 *(.stab.excl)

.stab.exclstr
 *(.stab.exclstr)

.stab.index
 *(.stab.index)

.stab.indexstr
 *(.stab.indexstr)

.comment
 *(.comment)

.debug
 *(.debug)

.line
 *(.line)

.debug_srcinfo
 *(.debug_srcinfo)

.debug_sfnames
 *(.debug_sfnames)

.debug_aranges  0x00000000       0xc0
 *(.debug_aranges)
 .debug_aranges
                0x00000000       0x20 LedMatrix.o
 .debug_aranges
                0x00000020       0x20 c:/program files/atmel/avr tools/avr toolchain/bin/../lib/gcc/avr/4.4.3/../../../../avr/lib/avr4\libc.a(printf.o)
 .debug_aranges
                0x00000040       0x20 c:/program files/atmel/avr tools/avr toolchain/bin/../lib/gcc/avr/4.4.3/../../../../avr/lib/avr4\libc.a(putchar.o)
 .debug_aranges
                0x00000060       0x20 c:/program files/atmel/avr tools/avr toolchain/bin/../lib/gcc/avr/4.4.3/../../../../avr/lib/avr4\libc.a(vprintf.o)
 .debug_aranges
                0x00000080       0x20 c:/program files/atmel/avr tools/avr toolchain/bin/../lib/gcc/avr/4.4.3/../../../../avr/lib/avr4\libc.a(vfprintf_std.o)
 .debug_aranges
                0x000000a0       0x20 c:/program files/atmel/avr tools/avr toolchain/bin/../lib/gcc/avr/4.4.3/../../../../avr/lib/avr4\libc.a(fputc.o)

.debug_pubnames
                0x00000000      0x2ca
 *(.debug_pubnames)
 .debug_pubnames
                0x00000000      0x21a LedMatrix.o
 .debug_pubnames
                0x0000021a       0x1c c:/program files/atmel/avr tools/avr toolchain/bin/../lib/gcc/avr/4.4.3/../../../../avr/lib/avr4\libc.a(iob.o)
 .debug_pubnames
                0x00000236       0x1d c:/program files/atmel/avr tools/avr toolchain/bin/../lib/gcc/avr/4.4.3/../../../../avr/lib/avr4\libc.a(printf.o)
 .debug_pubnames
                0x00000253       0x1e c:/program files/atmel/avr tools/avr toolchain/bin/../lib/gcc/avr/4.4.3/../../../../avr/lib/avr4\libc.a(putchar.o)
 .debug_pubnames
                0x00000271       0x1e c:/program files/atmel/avr tools/avr toolchain/bin/../lib/gcc/avr/4.4.3/../../../../avr/lib/avr4\libc.a(vprintf.o)
 .debug_pubnames
                0x0000028f       0x1f c:/program files/atmel/avr tools/avr toolchain/bin/../lib/gcc/avr/4.4.3/../../../../avr/lib/avr4\libc.a(vfprintf_std.o)
 .debug_pubnames
                0x000002ae       0x1c c:/program files/atmel/avr tools/avr toolchain/bin/../lib/gcc/avr/4.4.3/../../../../avr/lib/avr4\libc.a(fputc.o)

.debug_info     0x00000000     0x152d
 *(.debug_info)
 .debug_info    0x00000000      0xa62 LedMatrix.o
 .debug_info    0x00000a62      0x152 c:/program files/atmel/avr tools/avr toolchain/bin/../lib/gcc/avr/4.4.3/../../../../avr/lib/avr4\libc.a(iob.o)
 .debug_info    0x00000bb4      0x1b0 c:/program files/atmel/avr tools/avr toolchain/bin/../lib/gcc/avr/4.4.3/../../../../avr/lib/avr4\libc.a(printf.o)
 .debug_info    0x00000d64      0x174 c:/program files/atmel/avr tools/avr toolchain/bin/../lib/gcc/avr/4.4.3/../../../../avr/lib/avr4\libc.a(putchar.o)
 .debug_info    0x00000ed8      0x1ab c:/program files/atmel/avr tools/avr toolchain/bin/../lib/gcc/avr/4.4.3/../../../../avr/lib/avr4\libc.a(vprintf.o)
 .debug_info    0x00001083      0x344 c:/program files/atmel/avr tools/avr toolchain/bin/../lib/gcc/avr/4.4.3/../../../../avr/lib/avr4\libc.a(vfprintf_std.o)
 .debug_info    0x000013c7      0x166 c:/program files/atmel/avr tools/avr toolchain/bin/../lib/gcc/avr/4.4.3/../../../../avr/lib/avr4\libc.a(fputc.o)
 *(.gnu.linkonce.wi.*)

.debug_abbrev   0x00000000      0x9af
 *(.debug_abbrev)
 .debug_abbrev  0x00000000      0x384 LedMatrix.o
 .debug_abbrev  0x00000384       0xce c:/program files/atmel/avr tools/avr toolchain/bin/../lib/gcc/avr/4.4.3/../../../../avr/lib/avr4\libc.a(iob.o)
 .debug_abbrev  0x00000452      0x10d c:/program files/atmel/avr tools/avr toolchain/bin/../lib/gcc/avr/4.4.3/../../../../avr/lib/avr4\libc.a(printf.o)
 .debug_abbrev  0x0000055f       0xeb c:/program files/atmel/avr tools/avr toolchain/bin/../lib/gcc/avr/4.4.3/../../../../avr/lib/avr4\libc.a(putchar.o)
 .debug_abbrev  0x0000064a       0xfb c:/program files/atmel/avr tools/avr toolchain/bin/../lib/gcc/avr/4.4.3/../../../../avr/lib/avr4\libc.a(vprintf.o)
 .debug_abbrev  0x00000745      0x191 c:/program files/atmel/avr tools/avr toolchain/bin/../lib/gcc/avr/4.4.3/../../../../avr/lib/avr4\libc.a(vfprintf_std.o)
 .debug_abbrev  0x000008d6       0xd9 c:/program files/atmel/avr tools/avr toolchain/bin/../lib/gcc/avr/4.4.3/../../../../avr/lib/avr4\libc.a(fputc.o)

.debug_line     0x00000000     0x1559
 *(.debug_line)
 .debug_line    0x00000000      0x9a2 LedMatrix.o
 .debug_line    0x000009a2       0xeb c:/program files/atmel/avr tools/avr toolchain/bin/../lib/gcc/avr/4.4.3/../../../../avr/lib/avr4\libc.a(iob.o)
 .debug_line    0x00000a8d      0x186 c:/program files/atmel/avr tools/avr toolchain/bin/../lib/gcc/avr/4.4.3/../../../../avr/lib/avr4\libc.a(printf.o)
 .debug_line    0x00000c13      0x111 c:/program files/atmel/avr tools/avr toolchain/bin/../lib/gcc/avr/4.4.3/../../../../avr/lib/avr4\libc.a(putchar.o)
 .debug_line    0x00000d24      0x187 c:/program files/atmel/avr tools/avr toolchain/bin/../lib/gcc/avr/4.4.3/../../../../avr/lib/avr4\libc.a(vprintf.o)
 .debug_line    0x00000eab      0x56f c:/program files/atmel/avr tools/avr toolchain/bin/../lib/gcc/avr/4.4.3/../../../../avr/lib/avr4\libc.a(vfprintf_std.o)
 .debug_line    0x0000141a      0x13f c:/program files/atmel/avr tools/avr toolchain/bin/../lib/gcc/avr/4.4.3/../../../../avr/lib/avr4\libc.a(fputc.o)

.debug_frame    0x00000000      0x180
 *(.debug_frame)
 .debug_frame   0x00000000       0xe0 LedMatrix.o
 .debug_frame   0x000000e0       0x20 c:/program files/atmel/avr tools/avr toolchain/bin/../lib/gcc/avr/4.4.3/../../../../avr/lib/avr4\libc.a(printf.o)
 .debug_frame   0x00000100       0x20 c:/program files/atmel/avr tools/avr toolchain/bin/../lib/gcc/avr/4.4.3/../../../../avr/lib/avr4\libc.a(putchar.o)
 .debug_frame   0x00000120       0x20 c:/program files/atmel/avr tools/avr toolchain/bin/../lib/gcc/avr/4.4.3/../../../../avr/lib/avr4\libc.a(vprintf.o)
 .debug_frame   0x00000140       0x20 c:/program files/atmel/avr tools/avr toolchain/bin/../lib/gcc/avr/4.4.3/../../../../avr/lib/avr4\libc.a(vfprintf_std.o)
 .debug_frame   0x00000160       0x20 c:/program files/atmel/avr tools/avr toolchain/bin/../lib/gcc/avr/4.4.3/../../../../avr/lib/avr4\libc.a(fputc.o)

.debug_str      0x00000000      0x558
 *(.debug_str)
 .debug_str     0x00000000      0x30b LedMatrix.o
                                0x364 (size before relaxing)
 .debug_str     0x0000030b       0x4e c:/program files/atmel/avr tools/avr toolchain/bin/../lib/gcc/avr/4.4.3/../../../../avr/lib/avr4\libc.a(iob.o)
                                 0xf2 (size before relaxing)
 .debug_str     0x00000359       0x51 c:/program files/atmel/avr tools/avr toolchain/bin/../lib/gcc/avr/4.4.3/../../../../avr/lib/avr4\libc.a(printf.o)
                                0x125 (size before relaxing)
 .debug_str     0x000003aa       0x5a c:/program files/atmel/avr tools/avr toolchain/bin/../lib/gcc/avr/4.4.3/../../../../avr/lib/avr4\libc.a(putchar.o)
                                 0xfe (size before relaxing)
 .debug_str     0x00000404       0x5a c:/program files/atmel/avr tools/avr toolchain/bin/../lib/gcc/avr/4.4.3/../../../../avr/lib/avr4\libc.a(vprintf.o)
                                0x127 (size before relaxing)
 .debug_str     0x0000045e       0xa4 c:/program files/atmel/avr tools/avr toolchain/bin/../lib/gcc/avr/4.4.3/../../../../avr/lib/avr4\libc.a(vfprintf_std.o)
                                0x16b (size before relaxing)
 .debug_str     0x00000502       0x56 c:/program files/atmel/avr tools/avr toolchain/bin/../lib/gcc/avr/4.4.3/../../../../avr/lib/avr4\libc.a(fputc.o)
                                 0xfb (size before relaxing)

.debug_loc      0x00000000      0xa7d
 *(.debug_loc)
 .debug_loc     0x00000000      0x42f LedMatrix.o
 .debug_loc     0x0000042f       0x18 c:/program files/atmel/avr tools/avr toolchain/bin/../lib/gcc/avr/4.4.3/../../../../avr/lib/avr4\libc.a(putchar.o)
 .debug_loc     0x00000447       0x50 c:/program files/atmel/avr tools/avr toolchain/bin/../lib/gcc/avr/4.4.3/../../../../avr/lib/avr4\libc.a(vprintf.o)
 .debug_loc     0x00000497      0x586 c:/program files/atmel/avr tools/avr toolchain/bin/../lib/gcc/avr/4.4.3/../../../../avr/lib/avr4\libc.a(vfprintf_std.o)
 .debug_loc     0x00000a1d       0x60 c:/program files/atmel/avr tools/avr toolchain/bin/../lib/gcc/avr/4.4.3/../../../../avr/lib/avr4\libc.a(fputc.o)

.debug_macinfo
 *(.debug_macinfo)
OUTPUT(LedMatrix.elf elf32-avr)
LOAD linker stubs

.debug_ranges   0x00000000       0xf8
 .debug_ranges  0x00000000       0x68 LedMatrix.o
 .debug_ranges  0x00000068       0x18 c:/program files/atmel/avr tools/avr toolchain/bin/../lib/gcc/avr/4.4.3/../../../../avr/lib/avr4\libc.a(printf.o)
 .debug_ranges  0x00000080       0x18 c:/program files/atmel/avr tools/avr toolchain/bin/../lib/gcc/avr/4.4.3/../../../../avr/lib/avr4\libc.a(putchar.o)
 .debug_ranges  0x00000098       0x18 c:/program files/atmel/avr tools/avr toolchain/bin/../lib/gcc/avr/4.4.3/../../../../avr/lib/avr4\libc.a(vprintf.o)
 .debug_ranges  0x000000b0       0x30 c:/program files/atmel/avr tools/avr toolchain/bin/../lib/gcc/avr/4.4.3/../../../../avr/lib/avr4\libc.a(vfprintf_std.o)
 .debug_ranges  0x000000e0       0x18 c:/program files/atmel/avr tools/avr toolchain/bin/../lib/gcc/avr/4.4.3/../../../../avr/lib/avr4\libc.a(fputc.o)
