Archive member included because of file (symbol)

c:/program files/atmel/avr tools/avr toolchain/bin/../lib/gcc/avr/4.4.3/avr4\libgcc.a(_udivmodhi4.o)
                              LedMatrix.o (__udivmodhi4)
c:/program files/atmel/avr tools/avr toolchain/bin/../lib/gcc/avr/4.4.3/avr4\libgcc.a(_exit.o)
                              c:/program files/atmel/avr tools/avr toolchain/bin/../lib/gcc/avr/4.4.3/../../../../avr/lib/avr4/crtm88pa.o (exit)
c:/program files/atmel/avr tools/avr toolchain/bin/../lib/gcc/avr/4.4.3/avr4\libgcc.a(_copy_data.o)
                              LedMatrix.o (__do_copy_data)
c:/program files/atmel/avr tools/avr toolchain/bin/../lib/gcc/avr/4.4.3/avr4\libgcc.a(_clear_bss.o)
                              LedMatrix.o (__do_clear_bss)
c:/program files/atmel/avr tools/avr toolchain/bin/../lib/gcc/avr/4.4.3/../../../../avr/lib/avr4\libc.a(strcat.o)
                              LedMatrix.o (strcat)
c:/program files/atmel/avr tools/avr toolchain/bin/../lib/gcc/avr/4.4.3/../../../../avr/lib/avr4\libc.a(iob.o)
                              LedMatrix.o (__iob)
c:/program files/atmel/avr tools/avr toolchain/bin/../lib/gcc/avr/4.4.3/../../../../avr/lib/avr4\libc.a(printf.o)
                              LedMatrix.o (printf)
c:/program files/atmel/avr tools/avr toolchain/bin/../lib/gcc/avr/4.4.3/../../../../avr/lib/avr4\libc.a(putchar.o)
                              LedMatrix.o (putchar)
c:/program files/atmel/avr tools/avr toolchain/bin/../lib/gcc/avr/4.4.3/../../../../avr/lib/avr4\libc.a(vfprintf_std.o)
                              c:/program files/atmel/avr tools/avr toolchain/bin/../lib/gcc/avr/4.4.3/../../../../avr/lib/avr4\libc.a(printf.o) (vfprintf)
c:/program files/atmel/avr tools/avr toolchain/bin/../lib/gcc/avr/4.4.3/../../../../avr/lib/avr4\libc.a(eerd_block_atmega88pa.o)
                              LedMatrix.o (__eerd_block_m88pa)
c:/program files/atmel/avr tools/avr toolchain/bin/../lib/gcc/avr/4.4.3/../../../../avr/lib/avr4\libc.a(eerd_byte_atmega88pa.o)
                              LedMatrix.o (__eerd_byte_m88pa)
c:/program files/atmel/avr tools/avr toolchain/bin/../lib/gcc/avr/4.4.3/../../../../avr/lib/avr4\libc.a(eeupd_byte_atmega88pa.o)
                              LedMatrix.o (__eeupd_byte_m88pa)
c:/program files/atmel/avr tools/avr toolchain/bin/../lib/gcc/avr/4.4.3/../../../../avr/lib/avr4\libc.a(eewr_block_atmega88pa.o)
                              LedMatrix.o (__eewr_block_m88pa)
c:/program files/atmel/avr tools/avr toolchain/bin/../lib/gcc/avr/4.4.3/../../../../avr/lib/avr4\libc.a(eewr_byte_atmega88pa.o)
                              c:/program files/atmel/avr tools/avr toolchain/bin/../lib/gcc/avr/4.4.3/../../../../avr/lib/avr4\libc.a(eewr_block_atmega88pa.o) (__eewr_r18_m88pa)
c:/program files/atmel/avr tools/avr toolchain/bin/../lib/gcc/avr/4.4.3/../../../../avr/lib/avr4\libc.a(strnlen_P.o)
                              c:/program files/atmel/avr tools/avr toolchain/bin/../lib/gcc/avr/4.4.3/../../../../avr/lib/avr4\libc.a(vfprintf_std.o) (strnlen_P)
c:/program files/atmel/avr tools/avr toolchain/bin/../lib/gcc/avr/4.4.3/../../../../avr/lib/avr4\libc.a(strnlen.o)
                              c:/program files/atmel/avr tools/avr toolchain/bin/../lib/gcc/avr/4.4.3/../../../../avr/lib/avr4\libc.a(vfprintf_std.o) (strnlen)
c:/program files/atmel/avr tools/avr toolchain/bin/../lib/gcc/avr/4.4.3/../../../../avr/lib/avr4\libc.a(fputc.o)
                              c:/program files/atmel/avr tools/avr toolchain/bin/../lib/gcc/avr/4.4.3/../../../../avr/lib/avr4\libc.a(putchar.o) (fputc)
c:/program files/atmel/avr tools/avr toolchain/bin/../lib/gcc/avr/4.4.3/../../../../avr/lib/avr4\libc.a(ultoa_invert.o)
                              c:/program files/atmel/avr tools/avr toolchain/bin/../lib/gcc/avr/4.4.3/../../../../avr/lib/avr4\libc.a(vfprintf_std.o) (__ultoa_invert)
c:/program files/atmel/avr tools/avr toolchain/bin/../lib/gcc/avr/4.4.3/avr4\libgcc.a(_prologue.o)
                              c:/program files/atmel/avr tools/avr toolchain/bin/../lib/gcc/avr/4.4.3/../../../../avr/lib/avr4\libc.a(printf.o) (__prologue_saves__)
c:/program files/atmel/avr tools/avr toolchain/bin/../lib/gcc/avr/4.4.3/avr4\libgcc.a(_epilogue.o)
                              c:/program files/atmel/avr tools/avr toolchain/bin/../lib/gcc/avr/4.4.3/../../../../avr/lib/avr4\libc.a(printf.o) (__epilogue_restores__)

Allocating common symbols
Common symbol       size              file

receivedBuffer      0x1               LedMatrix.o
message             0x51              LedMatrix.o
adc_value           0x1               LedMatrix.o
__iob               0x6               c:/program files/atmel/avr tools/avr toolchain/bin/../lib/gcc/avr/4.4.3/../../../../avr/lib/avr4\libc.a(iob.o)

Memory Configuration

Name             Origin             Length             Attributes
text             0x00000000         0x00002000         xr
data             0x00800060         0x0000ffa0         rw !x
eeprom           0x00810000         0x00010000         rw !x
fuse             0x00820000         0x00000400         rw !x
lock             0x00830000         0x00000400         rw !x
signature        0x00840000         0x00000400         rw !x
*default*        0x00000000         0xffffffff

Linker script and memory map

Address of section .data set to 0x800100
LOAD c:/program files/atmel/avr tools/avr toolchain/bin/../lib/gcc/avr/4.4.3/../../../../avr/lib/avr4/crtm88pa.o
LOAD LedMatrix.o
LOAD c:/program files/atmel/avr tools/avr toolchain/bin/../lib/gcc/avr/4.4.3/avr4\libgcc.a
LOAD c:/program files/atmel/avr tools/avr toolchain/bin/../lib/gcc/avr/4.4.3/../../../../avr/lib/avr4\libc.a
LOAD c:/program files/atmel/avr tools/avr toolchain/bin/../lib/gcc/avr/4.4.3/avr4\libgcc.a

.hash
 *(.hash)

.dynsym
 *(.dynsym)

.dynstr
 *(.dynstr)

.gnu.version
 *(.gnu.version)

.gnu.version_d
 *(.gnu.version_d)

.gnu.version_r
 *(.gnu.version_r)

.rel.init
 *(.rel.init)

.rela.init
 *(.rela.init)

.rel.text
 *(.rel.text)
 *(.rel.text.*)
 *(.rel.gnu.linkonce.t*)

.rela.text
 *(.rela.text)
 *(.rela.text.*)
 *(.rela.gnu.linkonce.t*)

.rel.fini
 *(.rel.fini)

.rela.fini
 *(.rela.fini)

.rel.rodata
 *(.rel.rodata)
 *(.rel.rodata.*)
 *(.rel.gnu.linkonce.r*)

.rela.rodata
 *(.rela.rodata)
 *(.rela.rodata.*)
 *(.rela.gnu.linkonce.r*)

.rel.data
 *(.rel.data)
 *(.rel.data.*)
 *(.rel.gnu.linkonce.d*)

.rela.data
 *(.rela.data)
 *(.rela.data.*)
 *(.rela.gnu.linkonce.d*)

.rel.ctors
 *(.rel.ctors)

.rela.ctors
 *(.rela.ctors)

.rel.dtors
 *(.rel.dtors)

.rela.dtors
 *(.rela.dtors)

.rel.got
 *(.rel.got)

.rela.got
 *(.rela.got)

.rel.bss
 *(.rel.bss)

.rela.bss
 *(.rela.bss)

.rel.plt
 *(.rel.plt)

.rela.plt
 *(.rela.plt)

.text           0x00000000     0x192a
 *(.vectors)
 .vectors       0x00000000       0x34 c:/program files/atmel/avr tools/avr toolchain/bin/../lib/gcc/avr/4.4.3/../../../../avr/lib/avr4/crtm88pa.o
                0x00000000                __vector_default
                0x00000000                __vectors
 *(.vectors)
 *(.progmem.gcc*)
 *(.progmem*)
 .progmem.data  0x00000034      0x6a2 LedMatrix.o
                0x00000034                matrix
                0x000006d6                . = ALIGN (0x2)
                0x000006d6                __trampolines_start = .
 *(.trampolines)
 .trampolines   0x000006d6        0x0 linker stubs
 *(.trampolines*)
                0x000006d6                __trampolines_end = .
 *(.jumptables)
 *(.jumptables*)
 *(.lowtext)
 *(.lowtext*)
                0x000006d6                __ctors_start = .
 *(.ctors)
                0x000006d6                __ctors_end = .
                0x000006d6                __dtors_start = .
 *(.dtors)
                0x000006d6                __dtors_end = .
 SORT(*)(.ctors)
 SORT(*)(.dtors)
 *(.init0)
 .init0         0x000006d6        0x0 c:/program files/atmel/avr tools/avr toolchain/bin/../lib/gcc/avr/4.4.3/../../../../avr/lib/avr4/crtm88pa.o
                0x000006d6                __init
 *(.init0)
 *(.init1)
 *(.init1)
 *(.init2)
 .init2         0x000006d6        0xc c:/program files/atmel/avr tools/avr toolchain/bin/../lib/gcc/avr/4.4.3/../../../../avr/lib/avr4/crtm88pa.o
 *(.init2)
 *(.init3)
 *(.init3)
 *(.init4)
 .init4         0x000006e2       0x16 c:/program files/atmel/avr tools/avr toolchain/bin/../lib/gcc/avr/4.4.3/avr4\libgcc.a(_copy_data.o)
                0x000006e2                __do_copy_data
 .init4         0x000006f8       0x10 c:/program files/atmel/avr tools/avr toolchain/bin/../lib/gcc/avr/4.4.3/avr4\libgcc.a(_clear_bss.o)
                0x000006f8                __do_clear_bss
 *(.init4)
 *(.init5)
 *(.init5)
 *(.init6)
 *(.init6)
 *(.init7)
 *(.init7)
 *(.init8)
 *(.init8)
 *(.init9)
 .init9         0x00000708        0x4 c:/program files/atmel/avr tools/avr toolchain/bin/../lib/gcc/avr/4.4.3/../../../../avr/lib/avr4/crtm88pa.o
 *(.init9)
 *(.text)
 .text          0x0000070c        0x2 c:/program files/atmel/avr tools/avr toolchain/bin/../lib/gcc/avr/4.4.3/../../../../avr/lib/avr4/crtm88pa.o
                0x0000070c                __vector_22
                0x0000070c                __vector_1
                0x0000070c                __vector_24
                0x0000070c                __vector_12
                0x0000070c                __bad_interrupt
                0x0000070c                __vector_6
                0x0000070c                __vector_3
                0x0000070c                __vector_23
                0x0000070c                __vector_25
                0x0000070c                __vector_11
                0x0000070c                __vector_17
                0x0000070c                __vector_19
                0x0000070c                __vector_7
                0x0000070c                __vector_5
                0x0000070c                __vector_4
                0x0000070c                __vector_2
                0x0000070c                __vector_15
                0x0000070c                __vector_8
                0x0000070c                __vector_14
                0x0000070c                __vector_10
                0x0000070c                __vector_20
 .text          0x0000070e      0xbe6 LedMatrix.o
                0x0000070e                __vector_18
                0x00000736                USART_Init
                0x00000750                USART_SendByte
                0x0000075e                USART_SendString
                0x00000778                USART_ReceiveByte
                0x00000786                __vector_16
                0x000009ac                __vector_21
                0x000009cc                saveMessage
                0x000009fc                loadMessage
                0x00000a4e                loadData
                0x00000afa                loadNextMessage
                0x00000b40                __vector_13
                0x00000c6a                __vector_9
                0x00000d1a                clearScreen
                0x00000d3e                writeMenu
                0x00000e42                handleAction
                0x0000124e                main
 .text          0x000012f4        0x0 c:/program files/atmel/avr tools/avr toolchain/bin/../lib/gcc/avr/4.4.3/avr4\libgcc.a(_udivmodhi4.o)
 .text          0x000012f4        0x0 c:/program files/atmel/avr tools/avr toolchain/bin/../lib/gcc/avr/4.4.3/avr4\libgcc.a(_exit.o)
 .text          0x000012f4        0x0 c:/program files/atmel/avr tools/avr toolchain/bin/../lib/gcc/avr/4.4.3/avr4\libgcc.a(_copy_data.o)
 .text          0x000012f4        0x0 c:/program files/atmel/avr tools/avr toolchain/bin/../lib/gcc/avr/4.4.3/avr4\libgcc.a(_clear_bss.o)
 .text          0x000012f4        0x0 c:/program files/atmel/avr tools/avr toolchain/bin/../lib/gcc/avr/4.4.3/../../../../avr/lib/avr4\libc.a(strcat.o)
 .text          0x000012f4        0x0 c:/program files/atmel/avr tools/avr toolchain/bin/../lib/gcc/avr/4.4.3/../../../../avr/lib/avr4\libc.a(iob.o)
 .text          0x000012f4        0x0 c:/program files/atmel/avr tools/avr toolchain/bin/../lib/gcc/avr/4.4.3/../../../../avr/lib/avr4\libc.a(printf.o)
 .text          0x000012f4        0x0 c:/program files/atmel/avr tools/avr toolchain/bin/../lib/gcc/avr/4.4.3/../../../../avr/lib/avr4\libc.a(putchar.o)
 .text          0x000012f4        0x0 c:/program files/atmel/avr tools/avr toolchain/bin/../lib/gcc/avr/4.4.3/../../../../avr/lib/avr4\libc.a(vfprintf_std.o)
 .text          0x000012f4        0x0 c:/program files/atmel/avr tools/avr toolchain/bin/../lib/gcc/avr/4.4.3/../../../../avr/lib/avr4\libc.a(eerd_block_atmega88pa.o)
 .text          0x000012f4        0x0 c:/program files/atmel/avr tools/avr toolchain/bin/../lib/gcc/avr/4.4.3/../../../../avr/lib/avr4\libc.a(eerd_byte_atmega88pa.o)
 .text          0x000012f4        0x0 c:/program files/atmel/avr tools/avr toolchain/bin/../lib/gcc/avr/4.4.3/../../../../avr/lib/avr4\libc.a(eeupd_byte_atmega88pa.o)
 .text          0x000012f4        0x0 c:/program files/atmel/avr tools/avr toolchain/bin/../lib/gcc/avr/4.4.3/../../../../avr/lib/avr4\libc.a(eewr_block_atmega88pa.o)
 .text          0x000012f4        0x0 c:/program files/atmel/avr tools/avr toolchain/bin/../lib/gcc/avr/4.4.3/../../../../avr/lib/avr4\libc.a(eewr_byte_atmega88pa.o)
 .text          0x000012f4        0x0 c:/program files/atmel/avr tools/avr toolchain/bin/../lib/gcc/avr/4.4.3/../../../../avr/lib/avr4\libc.a(strnlen_P.o)
 .text          0x000012f4        0x0 c:/program files/atmel/avr tools/avr toolchain/bin/../lib/gcc/avr/4.4.3/../../../../avr/lib/avr4\libc.a(strnlen.o)
 .text          0x000012f4        0x0 c:/program files/atmel/avr tools/avr toolchain/bin/../lib/gcc/avr/4.4.3/../../../../avr/lib/avr4\libc.a(fputc.o)
 .text          0x000012f4        0x0 c:/program files/atmel/avr tools/avr toolchain/bin/../lib/gcc/avr/4.4.3/../../../../avr/lib/avr4\libc.a(ultoa_invert.o)
 .text          0x000012f4        0x0 c:/program files/atmel/avr tools/avr toolchain/bin/../lib/gcc/avr/4.4.3/avr4\libgcc.a(_prologue.o)
 .text          0x000012f4        0x0 c:/program files/atmel/avr tools/avr toolchain/bin/../lib/gcc/avr/4.4.3/avr4\libgcc.a(_epilogue.o)
                0x000012f4                . = ALIGN (0x2)
 *(.text.*)
 .text.libgcc   0x000012f4       0x28 c:/program files/atmel/avr tools/avr toolchain/bin/../lib/gcc/avr/4.4.3/avr4\libgcc.a(_udivmodhi4.o)
                0x000012f4                __udivmodhi4
 .text.libgcc   0x0000131c        0x0 c:/program files/atmel/avr tools/avr toolchain/bin/../lib/gcc/avr/4.4.3/avr4\libgcc.a(_exit.o)
 .text.libgcc   0x0000131c        0x0 c:/program files/atmel/avr tools/avr toolchain/bin/../lib/gcc/avr/4.4.3/avr4\libgcc.a(_copy_data.o)
 .text.libgcc   0x0000131c        0x0 c:/program files/atmel/avr tools/avr toolchain/bin/../lib/gcc/avr/4.4.3/avr4\libgcc.a(_clear_bss.o)
 .text.avr-libc
                0x0000131c       0x16 c:/program files/atmel/avr tools/avr toolchain/bin/../lib/gcc/avr/4.4.3/../../../../avr/lib/avr4\libc.a(strcat.o)
                0x0000131c                strcat
 .text.avr-libc
                0x00001332       0x24 c:/program files/atmel/avr tools/avr toolchain/bin/../lib/gcc/avr/4.4.3/../../../../avr/lib/avr4\libc.a(printf.o)
                0x00001332                printf
 .text.avr-libc
                0x00001356        0xc c:/program files/atmel/avr tools/avr toolchain/bin/../lib/gcc/avr/4.4.3/../../../../avr/lib/avr4\libc.a(putchar.o)
                0x00001356                putchar
 .text.avr-libc
                0x00001362      0x394 c:/program files/atmel/avr tools/avr toolchain/bin/../lib/gcc/avr/4.4.3/../../../../avr/lib/avr4\libc.a(vfprintf_std.o)
                0x00001362                vfprintf
 .text.avr-libc
                0x000016f6       0x20 c:/program files/atmel/avr tools/avr toolchain/bin/../lib/gcc/avr/4.4.3/../../../../avr/lib/avr4\libc.a(eerd_block_atmega88pa.o)
                0x000016f6                __eerd_block_m88pa
                0x000016fa                __eerd_blraw_m88pa
 .text.avr-libc
                0x00001716       0x10 c:/program files/atmel/avr tools/avr toolchain/bin/../lib/gcc/avr/4.4.3/../../../../avr/lib/avr4\libc.a(eerd_byte_atmega88pa.o)
                0x00001716                __eerd_byte_m88pa
 .text.avr-libc
                0x00001726       0x24 c:/program files/atmel/avr tools/avr toolchain/bin/../lib/gcc/avr/4.4.3/../../../../avr/lib/avr4\libc.a(eeupd_byte_atmega88pa.o)
                0x00001726                __eeupd_byte_m88pa
                0x00001728                __eeupd_r18_m88pa
 .text.avr-libc
                0x0000174a       0x12 c:/program files/atmel/avr tools/avr toolchain/bin/../lib/gcc/avr/4.4.3/../../../../avr/lib/avr4\libc.a(eewr_block_atmega88pa.o)
                0x0000174a                __eewr_block_m88pa
 .text.avr-libc
                0x0000175c       0x1c c:/program files/atmel/avr tools/avr toolchain/bin/../lib/gcc/avr/4.4.3/../../../../avr/lib/avr4\libc.a(eewr_byte_atmega88pa.o)
                0x0000175c                __eewr_byte_m88pa
                0x0000175e                __eewr_r18_m88pa
 .text.avr-libc
                0x00001778       0x16 c:/program files/atmel/avr tools/avr toolchain/bin/../lib/gcc/avr/4.4.3/../../../../avr/lib/avr4\libc.a(strnlen_P.o)
                0x00001778                strnlen_P
 .text.avr-libc
                0x0000178e       0x16 c:/program files/atmel/avr tools/avr toolchain/bin/../lib/gcc/avr/4.4.3/../../../../avr/lib/avr4\libc.a(strnlen.o)
                0x0000178e                strnlen
 .text.avr-libc
                0x000017a4       0x58 c:/program files/atmel/avr tools/avr toolchain/bin/../lib/gcc/avr/4.4.3/../../../../avr/lib/avr4\libc.a(fputc.o)
                0x000017a4                fputc
 .text.avr-libc
                0x000017fc       0xbc c:/program files/atmel/avr tools/avr toolchain/bin/../lib/gcc/avr/4.4.3/../../../../avr/lib/avr4\libc.a(ultoa_invert.o)
                0x000017fc                __ultoa_invert
 .text.libgcc   0x000018b8       0x38 c:/program files/atmel/avr tools/avr toolchain/bin/../lib/gcc/avr/4.4.3/avr4\libgcc.a(_prologue.o)
                0x000018b8                __prologue_saves__
 .text.libgcc   0x000018f0       0x36 c:/program files/atmel/avr tools/avr toolchain/bin/../lib/gcc/avr/4.4.3/avr4\libgcc.a(_epilogue.o)
                0x000018f0                __epilogue_restores__
                0x00001926                . = ALIGN (0x2)
 *(.fini9)
 .fini9         0x00001926        0x0 c:/program files/atmel/avr tools/avr toolchain/bin/../lib/gcc/avr/4.4.3/avr4\libgcc.a(_exit.o)
                0x00001926                _exit
                0x00001926                exit
 *(.fini9)
 *(.fini8)
 *(.fini8)
 *(.fini7)
 *(.fini7)
 *(.fini6)
 *(.fini6)
 *(.fini5)
 *(.fini5)
 *(.fini4)
 *(.fini4)
 *(.fini3)
 *(.fini3)
 *(.fini2)
 *(.fini2)
 *(.fini1)
 *(.fini1)
 *(.fini0)
 .fini0         0x00001926        0x4 c:/program files/atmel/avr tools/avr toolchain/bin/../lib/gcc/avr/4.4.3/avr4\libgcc.a(_exit.o)
 *(.fini0)
                0x0000192a                _etext = .

.data           0x00800100      0x2e4 load address 0x0000192a
                0x00800100                PROVIDE (__data_start, .)
 *(.data)
 .data          0x00800100        0x0 c:/program files/atmel/avr tools/avr toolchain/bin/../lib/gcc/avr/4.4.3/../../../../avr/lib/avr4/crtm88pa.o
 .data          0x00800100      0x2e4 LedMatrix.o
                0x008003a2                scroll_speed
                0x008003a3                scroll_direction
                0x008003a4                speed_table
                0x008003ae                char_spacing_value
                0x008003b8                watchdog_table
 .data          0x008003e4        0x0 c:/program files/atmel/avr tools/avr toolchain/bin/../lib/gcc/avr/4.4.3/avr4\libgcc.a(_udivmodhi4.o)
 .data          0x008003e4        0x0 c:/program files/atmel/avr tools/avr toolchain/bin/../lib/gcc/avr/4.4.3/avr4\libgcc.a(_exit.o)
 .data          0x008003e4        0x0 c:/program files/atmel/avr tools/avr toolchain/bin/../lib/gcc/avr/4.4.3/avr4\libgcc.a(_copy_data.o)
 .data          0x008003e4        0x0 c:/program files/atmel/avr tools/avr toolchain/bin/../lib/gcc/avr/4.4.3/avr4\libgcc.a(_clear_bss.o)
 .data          0x008003e4        0x0 c:/program files/atmel/avr tools/avr toolchain/bin/../lib/gcc/avr/4.4.3/../../../../avr/lib/avr4\libc.a(strcat.o)
 .data          0x008003e4        0x0 c:/program files/atmel/avr tools/avr toolchain/bin/../lib/gcc/avr/4.4.3/../../../../avr/lib/avr4\libc.a(iob.o)
 .data          0x008003e4        0x0 c:/program files/atmel/avr tools/avr toolchain/bin/../lib/gcc/avr/4.4.3/../../../../avr/lib/avr4\libc.a(printf.o)
 .data          0x008003e4        0x0 c:/program files/atmel/avr tools/avr toolchain/bin/../lib/gcc/avr/4.4.3/../../../../avr/lib/avr4\libc.a(putchar.o)
 .data          0x008003e4        0x0 c:/program files/atmel/avr tools/avr toolchain/bin/../lib/gcc/avr/4.4.3/../../../../avr/lib/avr4\libc.a(vfprintf_std.o)
 .data          0x008003e4        0x0 c:/program files/atmel/avr tools/avr toolchain/bin/../lib/gcc/avr/4.4.3/../../../../avr/lib/avr4\libc.a(eerd_block_atmega88pa.o)
 .data          0x008003e4        0x0 c:/program files/atmel/avr tools/avr toolchain/bin/../lib/gcc/avr/4.4.3/../../../../avr/lib/avr4\libc.a(eerd_byte_atmega88pa.o)
 .data          0x008003e4        0x0 c:/program files/atmel/avr tools/avr toolchain/bin/../lib/gcc/avr/4.4.3/../../../../avr/lib/avr4\libc.a(eeupd_byte_atmega88pa.o)
 .data          0x008003e4        0x0 c:/program files/atmel/avr tools/avr toolchain/bin/../lib/gcc/avr/4.4.3/../../../../avr/lib/avr4\libc.a(eewr_block_atmega88pa.o)
 .data          0x008003e4        0x0 c:/program files/atmel/avr tools/avr toolchain/bin/../lib/gcc/avr/4.4.3/../../../../avr/lib/avr4\libc.a(eewr_byte_atmega88pa.o)
 .data          0x008003e4        0x0 c:/program files/atmel/avr tools/avr toolchain/bin/../lib/gcc/avr/4.4.3/../../../../avr/lib/avr4\libc.a(strnlen_P.o)
 .data          0x008003e4        0x0 c:/program files/atmel/avr tools/avr toolchain/bin/../lib/gcc/avr/4.4.3/../../../../avr/lib/avr4\libc.a(strnlen.o)
 .data          0x008003e4        0x0 c:/program files/atmel/avr tools/avr toolchain/bin/../lib/gcc/avr/4.4.3/../../../../avr/lib/avr4\libc.a(fputc.o)
 .data          0x008003e4        0x0 c:/program files/atmel/avr tools/avr toolchain/bin/../lib/gcc/avr/4.4.3/../../../../avr/lib/avr4\libc.a(ultoa_invert.o)
 .data          0x008003e4        0x0 c:/program files/atmel/avr tools/avr toolchain/bin/../lib/gcc/avr/4.4.3/avr4\libgcc.a(_prologue.o)
 .data          0x008003e4        0x0 c:/program files/atmel/avr tools/avr toolchain/bin/../lib/gcc/avr/4.4.3/avr4\libgcc.a(_epilogue.o)
 *(.data*)
 *(.rodata)
 *(.rodata*)
 *(.gnu.linkonce.d*)
                0x008003e4                . = ALIGN (0x2)
                0x008003e4                _edata = .
                0x008003e4                PROVIDE (__data_end, .)

.bss            0x008003e4       0x65
                0x008003e4                PROVIDE (__bss_start, .)
 *(.bss)
 .bss           0x008003e4        0x0 c:/program files/atmel/avr tools/avr toolchain/bin/../lib/gcc/avr/4.4.3/../../../../avr/lib/avr4/crtm88pa.o
 .bss           0x008003e4        0xc LedMatrix.o
                0x008003e4                char_spacing
                0x008003e5                index
                0x008003e7                message_size
                0x008003e9                verbose
                0x008003ea                intensity
                0x008003eb                auto_chain_message
                0x008003ec                current_message
                0x008003ed                watchdog_counter
                0x008003ef                watchdog_value
 .bss           0x008003f0        0x0 c:/program files/atmel/avr tools/avr toolchain/bin/../lib/gcc/avr/4.4.3/avr4\libgcc.a(_udivmodhi4.o)
 .bss           0x008003f0        0x0 c:/program files/atmel/avr tools/avr toolchain/bin/../lib/gcc/avr/4.4.3/avr4\libgcc.a(_exit.o)
 .bss           0x008003f0        0x0 c:/program files/atmel/avr tools/avr toolchain/bin/../lib/gcc/avr/4.4.3/avr4\libgcc.a(_copy_data.o)
 .bss           0x008003f0        0x0 c:/program files/atmel/avr tools/avr toolchain/bin/../lib/gcc/avr/4.4.3/avr4\libgcc.a(_clear_bss.o)
 .bss           0x008003f0        0x0 c:/program files/atmel/avr tools/avr toolchain/bin/../lib/gcc/avr/4.4.3/../../../../avr/lib/avr4\libc.a(strcat.o)
 .bss           0x008003f0        0x0 c:/program files/atmel/avr tools/avr toolchain/bin/../lib/gcc/avr/4.4.3/../../../../avr/lib/avr4\libc.a(iob.o)
 .bss           0x008003f0        0x0 c:/program files/atmel/avr tools/avr toolchain/bin/../lib/gcc/avr/4.4.3/../../../../avr/lib/avr4\libc.a(printf.o)
 .bss           0x008003f0        0x0 c:/program files/atmel/avr tools/avr toolchain/bin/../lib/gcc/avr/4.4.3/../../../../avr/lib/avr4\libc.a(putchar.o)
 .bss           0x008003f0        0x0 c:/program files/atmel/avr tools/avr toolchain/bin/../lib/gcc/avr/4.4.3/../../../../avr/lib/avr4\libc.a(vfprintf_std.o)
 .bss           0x008003f0        0x0 c:/program files/atmel/avr tools/avr toolchain/bin/../lib/gcc/avr/4.4.3/../../../../avr/lib/avr4\libc.a(eerd_block_atmega88pa.o)
 .bss           0x008003f0        0x0 c:/program files/atmel/avr tools/avr toolchain/bin/../lib/gcc/avr/4.4.3/../../../../avr/lib/avr4\libc.a(eerd_byte_atmega88pa.o)
 .bss           0x008003f0        0x0 c:/program files/atmel/avr tools/avr toolchain/bin/../lib/gcc/avr/4.4.3/../../../../avr/lib/avr4\libc.a(eeupd_byte_atmega88pa.o)
 .bss           0x008003f0        0x0 c:/program files/atmel/avr tools/avr toolchain/bin/../lib/gcc/avr/4.4.3/../../../../avr/lib/avr4\libc.a(eewr_block_atmega88pa.o)
 .bss           0x008003f0        0x0 c:/program files/atmel/avr tools/avr toolchain/bin/../lib/gcc/avr/4.4.3/../../../../avr/lib/avr4\libc.a(eewr_byte_atmega88pa.o)
 .bss           0x008003f0        0x0 c:/program files/atmel/avr tools/avr toolchain/bin/../lib/gcc/avr/4.4.3/../../../../avr/lib/avr4\libc.a(strnlen_P.o)
 .bss           0x008003f0        0x0 c:/program files/atmel/avr tools/avr toolchain/bin/../lib/gcc/avr/4.4.3/../../../../avr/lib/avr4\libc.a(strnlen.o)
 .bss           0x008003f0        0x0 c:/program files/atmel/avr tools/avr toolchain/bin/../lib/gcc/avr/4.4.3/../../../../avr/lib/avr4\libc.a(fputc.o)
 .bss           0x008003f0        0x0 c:/program files/atmel/avr tools/avr toolchain/bin/../lib/gcc/avr/4.4.3/../../../../avr/lib/avr4\libc.a(ultoa_invert.o)
 .bss           0x008003f0        0x0 c:/program files/atmel/avr tools/avr toolchain/bin/../lib/gcc/avr/4.4.3/avr4\libgcc.a(_prologue.o)
 .bss           0x008003f0        0x0 c:/program files/atmel/avr tools/avr toolchain/bin/../lib/gcc/avr/4.4.3/avr4\libgcc.a(_epilogue.o)
 *(.bss*)
 *(COMMON)
 COMMON         0x008003f0       0x53 LedMatrix.o
                0x008003f0                receivedBuffer
                0x008003f1                message
                0x00800442                adc_value
 COMMON         0x00800443        0x6 c:/program files/atmel/avr tools/avr toolchain/bin/../lib/gcc/avr/4.4.3/../../../../avr/lib/avr4\libc.a(iob.o)
                0x00800443                __iob
                0x00800449                PROVIDE (__bss_end, .)
                0x0000192a                __data_load_start = LOADADDR (.data)
                0x00001c0e                __data_load_end = (__data_load_start + SIZEOF (.data))

.noinit         0x00800449        0x0
                0x00800449                PROVIDE (__noinit_start, .)
 *(.noinit*)
                0x00800449                PROVIDE (__noinit_end, .)
                0x00800449                _end = .
                0x00800449                PROVIDE (__heap_start, .)

.eeprom         0x00810000        0x0
 *(.eeprom*)
                0x00810000                __eeprom_end = .

.fuse
 *(.fuse)
 *(.lfuse)
 *(.hfuse)
 *(.efuse)

.lock
 *(.lock*)

.signature
 *(.signature*)

.stab           0x00000000     0x114c
 *(.stab)
 .stab          0x00000000      0x6cc c:/program files/atmel/avr tools/avr toolchain/bin/../lib/gcc/avr/4.4.3/../../../../avr/lib/avr4/crtm88pa.o
 .stab          0x000006cc       0x9c c:/program files/atmel/avr tools/avr toolchain/bin/../lib/gcc/avr/4.4.3/../../../../avr/lib/avr4\libc.a(strcat.o)
                                 0xa8 (size before relaxing)
 .stab          0x00000768      0x108 c:/program files/atmel/avr tools/avr toolchain/bin/../lib/gcc/avr/4.4.3/../../../../avr/lib/avr4\libc.a(eerd_block_atmega88pa.o)
                                0x114 (size before relaxing)
 .stab          0x00000870       0x90 c:/program files/atmel/avr tools/avr toolchain/bin/../lib/gcc/avr/4.4.3/../../../../avr/lib/avr4\libc.a(eerd_byte_atmega88pa.o)
                                 0x9c (size before relaxing)
 .stab          0x00000900      0x114 c:/program files/atmel/avr tools/avr toolchain/bin/../lib/gcc/avr/4.4.3/../../../../avr/lib/avr4\libc.a(eeupd_byte_atmega88pa.o)
                                0x120 (size before relaxing)
 .stab          0x00000a14       0x9c c:/program files/atmel/avr tools/avr toolchain/bin/../lib/gcc/avr/4.4.3/../../../../avr/lib/avr4\libc.a(eewr_block_atmega88pa.o)
                                 0xa8 (size before relaxing)
 .stab          0x00000ab0       0xe4 c:/program files/atmel/avr tools/avr toolchain/bin/../lib/gcc/avr/4.4.3/../../../../avr/lib/avr4\libc.a(eewr_byte_atmega88pa.o)
                                 0xf0 (size before relaxing)
 .stab          0x00000b94       0x9c c:/program files/atmel/avr tools/avr toolchain/bin/../lib/gcc/avr/4.4.3/../../../../avr/lib/avr4\libc.a(strnlen_P.o)
                                 0xa8 (size before relaxing)
 .stab          0x00000c30       0x9c c:/program files/atmel/avr tools/avr toolchain/bin/../lib/gcc/avr/4.4.3/../../../../avr/lib/avr4\libc.a(strnlen.o)
                                 0xa8 (size before relaxing)
 .stab          0x00000ccc      0x480 c:/program files/atmel/avr tools/avr toolchain/bin/../lib/gcc/avr/4.4.3/../../../../avr/lib/avr4\libc.a(ultoa_invert.o)
                                0x48c (size before relaxing)

.stabstr        0x00000000      0x40a
 *(.stabstr)
 .stabstr       0x00000000      0x40a c:/program files/atmel/avr tools/avr toolchain/bin/../lib/gcc/avr/4.4.3/../../../../avr/lib/avr4/crtm88pa.o

.stab.excl
 *(.stab.excl)

.stab.exclstr
 *(.stab.exclstr)

.stab.index
 *(.stab.index)

.stab.indexstr
 *(.stab.indexstr)

.comment
 *(.comment)

.debug
 *(.debug)

.line
 *(.line)

.debug_srcinfo
 *(.debug_srcinfo)

.debug_sfnames
 *(.debug_sfnames)

.debug_aranges  0x00000000       0xa0
 *(.debug_aranges)
 .debug_aranges
                0x00000000       0x20 LedMatrix.o
 .debug_aranges
                0x00000020       0x20 c:/program files/atmel/avr tools/avr toolchain/bin/../lib/gcc/avr/4.4.3/../../../../avr/lib/avr4\libc.a(printf.o)
 .debug_aranges
                0x00000040       0x20 c:/program files/atmel/avr tools/avr toolchain/bin/../lib/gcc/avr/4.4.3/../../../../avr/lib/avr4\libc.a(putchar.o)
 .debug_aranges
                0x00000060       0x20 c:/program files/atmel/avr tools/avr toolchain/bin/../lib/gcc/avr/4.4.3/../../../../avr/lib/avr4\libc.a(vfprintf_std.o)
 .debug_aranges
                0x00000080       0x20 c:/program files/atmel/avr tools/avr toolchain/bin/../lib/gcc/avr/4.4.3/../../../../avr/lib/avr4\libc.a(fputc.o)

.debug_pubnames
                0x00000000      0x2ea
 *(.debug_pubnames)
 .debug_pubnames
                0x00000000      0x258 LedMatrix.o
 .debug_pubnames
                0x00000258       0x1c c:/program files/atmel/avr tools/avr toolchain/bin/../lib/gcc/avr/4.4.3/../../../../avr/lib/avr4\libc.a(iob.o)
 .debug_pubnames
                0x00000274       0x1d c:/program files/atmel/avr tools/avr toolchain/bin/../lib/gcc/avr/4.4.3/../../../../avr/lib/avr4\libc.a(printf.o)
 .debug_pubnames
                0x00000291       0x1e c:/program files/atmel/avr tools/avr toolchain/bin/../lib/gcc/avr/4.4.3/../../../../avr/lib/avr4\libc.a(putchar.o)
 .debug_pubnames
                0x000002af       0x1f c:/program files/atmel/avr tools/avr toolchain/bin/../lib/gcc/avr/4.4.3/../../../../avr/lib/avr4\libc.a(vfprintf_std.o)
 .debug_pubnames
                0x000002ce       0x1c c:/program files/atmel/avr tools/avr toolchain/bin/../lib/gcc/avr/4.4.3/../../../../avr/lib/avr4\libc.a(fputc.o)

.debug_info     0x00000000     0x12b5
 *(.debug_info)
 .debug_info    0x00000000      0x995 LedMatrix.o
 .debug_info    0x00000995      0x152 c:/program files/atmel/avr tools/avr toolchain/bin/../lib/gcc/avr/4.4.3/../../../../avr/lib/avr4\libc.a(iob.o)
 .debug_info    0x00000ae7      0x1b0 c:/program files/atmel/avr tools/avr toolchain/bin/../lib/gcc/avr/4.4.3/../../../../avr/lib/avr4\libc.a(printf.o)
 .debug_info    0x00000c97      0x174 c:/program files/atmel/avr tools/avr toolchain/bin/../lib/gcc/avr/4.4.3/../../../../avr/lib/avr4\libc.a(putchar.o)
 .debug_info    0x00000e0b      0x344 c:/program files/atmel/avr tools/avr toolchain/bin/../lib/gcc/avr/4.4.3/../../../../avr/lib/avr4\libc.a(vfprintf_std.o)
 .debug_info    0x0000114f      0x166 c:/program files/atmel/avr tools/avr toolchain/bin/../lib/gcc/avr/4.4.3/../../../../avr/lib/avr4\libc.a(fputc.o)
 *(.gnu.linkonce.wi.*)

.debug_abbrev   0x00000000      0x89f
 *(.debug_abbrev)
 .debug_abbrev  0x00000000      0x36f LedMatrix.o
 .debug_abbrev  0x0000036f       0xce c:/program files/atmel/avr tools/avr toolchain/bin/../lib/gcc/avr/4.4.3/../../../../avr/lib/avr4\libc.a(iob.o)
 .debug_abbrev  0x0000043d      0x10d c:/program files/atmel/avr tools/avr toolchain/bin/../lib/gcc/avr/4.4.3/../../../../avr/lib/avr4\libc.a(printf.o)
 .debug_abbrev  0x0000054a       0xeb c:/program files/atmel/avr tools/avr toolchain/bin/../lib/gcc/avr/4.4.3/../../../../avr/lib/avr4\libc.a(putchar.o)
 .debug_abbrev  0x00000635      0x191 c:/program files/atmel/avr tools/avr toolchain/bin/../lib/gcc/avr/4.4.3/../../../../avr/lib/avr4\libc.a(vfprintf_std.o)
 .debug_abbrev  0x000007c6       0xd9 c:/program files/atmel/avr tools/avr toolchain/bin/../lib/gcc/avr/4.4.3/../../../../avr/lib/avr4\libc.a(fputc.o)

.debug_line     0x00000000     0x14a7
 *(.debug_line)
 .debug_line    0x00000000      0xa77 LedMatrix.o
 .debug_line    0x00000a77       0xeb c:/program files/atmel/avr tools/avr toolchain/bin/../lib/gcc/avr/4.4.3/../../../../avr/lib/avr4\libc.a(iob.o)
 .debug_line    0x00000b62      0x186 c:/program files/atmel/avr tools/avr toolchain/bin/../lib/gcc/avr/4.4.3/../../../../avr/lib/avr4\libc.a(printf.o)
 .debug_line    0x00000ce8      0x111 c:/program files/atmel/avr tools/avr toolchain/bin/../lib/gcc/avr/4.4.3/../../../../avr/lib/avr4\libc.a(putchar.o)
 .debug_line    0x00000df9      0x56f c:/program files/atmel/avr tools/avr toolchain/bin/../lib/gcc/avr/4.4.3/../../../../avr/lib/avr4\libc.a(vfprintf_std.o)
 .debug_line    0x00001368      0x13f c:/program files/atmel/avr tools/avr toolchain/bin/../lib/gcc/avr/4.4.3/../../../../avr/lib/avr4\libc.a(fputc.o)

.debug_frame    0x00000000      0x1a0
 *(.debug_frame)
 .debug_frame   0x00000000      0x120 LedMatrix.o
 .debug_frame   0x00000120       0x20 c:/program files/atmel/avr tools/avr toolchain/bin/../lib/gcc/avr/4.4.3/../../../../avr/lib/avr4\libc.a(printf.o)
 .debug_frame   0x00000140       0x20 c:/program files/atmel/avr tools/avr toolchain/bin/../lib/gcc/avr/4.4.3/../../../../avr/lib/avr4\libc.a(putchar.o)
 .debug_frame   0x00000160       0x20 c:/program files/atmel/avr tools/avr toolchain/bin/../lib/gcc/avr/4.4.3/../../../../avr/lib/avr4\libc.a(vfprintf_std.o)
 .debug_frame   0x00000180       0x20 c:/program files/atmel/avr tools/avr toolchain/bin/../lib/gcc/avr/4.4.3/../../../../avr/lib/avr4\libc.a(fputc.o)

.debug_str      0x00000000      0x530
 *(.debug_str)
 .debug_str     0x00000000      0x31c LedMatrix.o
                                0x373 (size before relaxing)
 .debug_str     0x0000031c       0x4e c:/program files/atmel/avr tools/avr toolchain/bin/../lib/gcc/avr/4.4.3/../../../../avr/lib/avr4\libc.a(iob.o)
                                 0xf2 (size before relaxing)
 .debug_str     0x0000036a       0x72 c:/program files/atmel/avr tools/avr toolchain/bin/../lib/gcc/avr/4.4.3/../../../../avr/lib/avr4\libc.a(printf.o)
                                0x125 (size before relaxing)
 .debug_str     0x000003dc       0x5a c:/program files/atmel/avr tools/avr toolchain/bin/../lib/gcc/avr/4.4.3/../../../../avr/lib/avr4\libc.a(putchar.o)
                                 0xfe (size before relaxing)
 .debug_str     0x00000436       0xa4 c:/program files/atmel/avr tools/avr toolchain/bin/../lib/gcc/avr/4.4.3/../../../../avr/lib/avr4\libc.a(vfprintf_std.o)
                                0x16b (size before relaxing)
 .debug_str     0x000004da       0x56 c:/program files/atmel/avr tools/avr toolchain/bin/../lib/gcc/avr/4.4.3/../../../../avr/lib/avr4\libc.a(fputc.o)
                                 0xfb (size before relaxing)

.debug_loc      0x00000000      0xa64
 *(.debug_loc)
 .debug_loc     0x00000000      0x466 LedMatrix.o
 .debug_loc     0x00000466       0x18 c:/program files/atmel/avr tools/avr toolchain/bin/../lib/gcc/avr/4.4.3/../../../../avr/lib/avr4\libc.a(putchar.o)
 .debug_loc     0x0000047e      0x586 c:/program files/atmel/avr tools/avr toolchain/bin/../lib/gcc/avr/4.4.3/../../../../avr/lib/avr4\libc.a(vfprintf_std.o)
 .debug_loc     0x00000a04       0x60 c:/program files/atmel/avr tools/avr toolchain/bin/../lib/gcc/avr/4.4.3/../../../../avr/lib/avr4\libc.a(fputc.o)

.debug_macinfo
 *(.debug_macinfo)
OUTPUT(LedMatrix.elf elf32-avr)
LOAD linker stubs

.debug_ranges   0x00000000       0xe0
 .debug_ranges  0x00000000       0x68 LedMatrix.o
 .debug_ranges  0x00000068       0x18 c:/program files/atmel/avr tools/avr toolchain/bin/../lib/gcc/avr/4.4.3/../../../../avr/lib/avr4\libc.a(printf.o)
 .debug_ranges  0x00000080       0x18 c:/program files/atmel/avr tools/avr toolchain/bin/../lib/gcc/avr/4.4.3/../../../../avr/lib/avr4\libc.a(putchar.o)
 .debug_ranges  0x00000098       0x30 c:/program files/atmel/avr tools/avr toolchain/bin/../lib/gcc/avr/4.4.3/../../../../avr/lib/avr4\libc.a(vfprintf_std.o)
 .debug_ranges  0x000000c8       0x18 c:/program files/atmel/avr tools/avr toolchain/bin/../lib/gcc/avr/4.4.3/../../../../avr/lib/avr4\libc.a(fputc.o)
